# serializer version: 1
# name: test_entities[number.test_receiver_volume-entry]
  EntityRegistryEntrySnapshot({
    'aliases': list([
      None,
    ]),
    'area_id': None,
    'capabilities': dict({
      <NumberEntityCapabilityAttribute.MAX: 'max'>: 18.0,
      <NumberEntityCapabilityAttribute.MIN: 'min'>: -80.0,
      <NumberEntityCapabilityAttribute.MODE: 'mode'>: <NumberMode.AUTO: 'auto'>,
      <NumberEntityCapabilityAttribute.STEP: 'step'>: 0.5,
    }),
    'config_entry_id': <ANY>,
    'config_subentry_id': <ANY>,
    'device_class': None,
    'device_id': <ANY>,
    'disabled_by': None,
    'domain': 'number',
    'entity_category': None,
    'entity_id': 'number.test_receiver_volume',
    'has_entity_name': True,
    'hidden_by': None,
    'icon': None,
    'id': <ANY>,
    'labels': set({
    }),
    'name': None,
    'object_id_base': 'Volume',
    'options': dict({
    }),
    'original_device_class': None,
    'original_icon': None,
    'original_name': 'Volume',
    'platform': 'denonavr',
    'previous_unique_id': None,
    'suggested_object_id': None,
    'supported_features': 0,
    'translation_key': 'volume',
    'unique_id': 'model5-123456789-Main-volume',
    'unit_of_measurement': <UnitOfSoundPressure.DECIBEL: 'dB'>,
  })
# ---
# name: test_entities[number.test_receiver_volume-state]
  StateSnapshot({
    'attributes': ReadOnlyDict({
      <EntityStateAttribute.FRIENDLY_NAME: 'friendly_name'>: 'Test_Receiver Volume',
      <NumberEntityCapabilityAttribute.MAX: 'max'>: 18.0,
      <NumberEntityCapabilityAttribute.MIN: 'min'>: -80.0,
      <NumberEntityCapabilityAttribute.MODE: 'mode'>: <NumberMode.AUTO: 'auto'>,
      <NumberEntityCapabilityAttribute.STEP: 'step'>: 0.5,
      <EntityStateAttribute.UNIT_OF_MEASUREMENT: 'unit_of_measurement'>: <UnitOfSoundPressure.DECIBEL: 'dB'>,
    }),
    'context': <ANY>,
    'entity_id': 'number.test_receiver_volume',
    'last_changed': <ANY>,
    'last_reported': <ANY>,
    'last_updated': <ANY>,
    'state': '-40.0',
  })
# ---
